src/app/lib/firebase-sync.ts(134,33): error TS2345: Argument of type '{ id: string; name: string; category: string; stock: number; minStock: number; unit: string; price: number; }' is not assignable to parameter of type 'InventoryItem'.
  Type '{ id: string; name: string; category: string; stock: number; minStock: number; unit: string; price: number; }' is missing the following properties from type 'InventoryItem': barcode, size, totSold, buyingPrice, and 2 more.
src/components/dashboard/inventory-control-view.tsx(342,14): error TS2345: Argument of type '(InventoryItem | { id: string; name: string; category: ItemCategory; stock: number; minStock: number; unit: string; price: number; })[]' is not assignable to parameter of type 'SetStateAction<InventoryItem[]>'.
  Type '(InventoryItem | { id: string; name: string; category: ItemCategory; stock: number; minStock: number; unit: string; price: number; })[]' is not assignable to type 'InventoryItem[]'.
    Type 'InventoryItem | { id: string; name: string; category: ItemCategory; stock: number; minStock: number; unit: string; price: number; }' is not assignable to type 'InventoryItem'.
      Type '{ id: string; name: string; category: ItemCategory; stock: number; minStock: number; unit: string; price: number; }' is missing the following properties from type 'InventoryItem': barcode, size, totSold, buyingPrice, and 2 more.
